
==============================================================================
STEP 1. 데이터 로드 & 클래스 분포
==============================================================================
  다운로드: C:\Users\user\.cache\huggingface\hub\datasets--data-craftee--korean-it-recruit-dataset\snapshots\70a0257853eb5cfd837fb4707bb6fd6835d75566\master_merged_v2.json
  총 40,348행

  urgency_score 클래스 분포:
    1점:   8,615 (21.35%) █████████
    2점:  12,915 (32.01%) ██████████████
    3점:  12,292 (30.46%) █████████████
    4점:   3,519 ( 8.72%) ███
    5점:   3,007 ( 7.45%) ███
    -> 클래스 5개, 불균형비(최다/최소) = 4.29배

  source × urgency_score 교차표:
urgency_score     1      2     3     4     5
source                                      
jobkorea       1274   2437  1745  2429  2140
saramin        7340  10478  6629   691   812
wanted            1      0  3918   399    55
  ⚠️ 희소 계층 ['wanted__1'] (1건) → 동일 source의 최대 계층으로 흡수

==============================================================================
STEP 3. Train/Test split (source × label stratified)
==============================================================================
  train 32,278 / test 8,070
          train_%  test_%
source                   
saramin     64.32   64.31
jobkorea    24.85   24.85
wanted      10.84   10.84
               train_%  test_%
urgency_score                 
1                21.35   21.35
2                32.01   32.01
3                30.46   30.47
4                 8.72    8.72
5                 7.45    7.45

==============================================================================
STEP 2. 피처 엔지니어링
==============================================================================
  TF-IDF(1~2gram): 30,000 features  (fit 17.1s)
    train (32278, 30000)  test (8070, 30000)
  보조 피처 9개: ['n_hard_skills', 'n_soft_skills', 'n_preferences', 'n_culture_keywords', 'n_final_techs', 'n_skills_total', 'len_raw_text', 'n_lines', 'n_digits']

==============================================================================
STEP 4. 학습 (class_weight='balanced' -> sample_weight)
==============================================================================
  [TF-IDF only] Macro F1 = 0.8568   (학습 1050.3s)
  [TF-IDF + aux] Macro F1 = 0.8595   (학습 1078.1s)

  클래스 가중치(balanced): {1: 0.937, 2: 0.625, 3: 0.657, 4: 2.293, 5: 2.683}

  -> 보조 피처 채택 (Δ Macro F1 = +0.0027)

==============================================================================
STEP 5. 평가
==============================================================================
  Macro F1-Score = 0.8595

  클래스별 리포트:
              precision    recall  f1-score   support

          1점      0.938     0.958     0.947      1723
          2점      0.912     0.894     0.903      2583
          3점      0.918     0.874     0.896      2459
          4점      0.646     0.759     0.698       704
          5점      0.846     0.860     0.853       601

    accuracy                          0.887      8070
   macro avg      0.852     0.869     0.860      8070
weighted avg      0.891     0.887     0.889      8070

  Confusion Matrix (행=실제, 열=예측):
           pred1   pred2   pred3   pred4   pred5
  true1    1,650      51      13       9       0
  true2       60   2,310      75     136       2
  true3       45     127   2,150      92      45
  true4        4      43      76     534      47
  true5        1       1      27      55     517

==============================================================================
STEP 6. 모델 저장
==============================================================================
  저장: aux_scaler.joblib  (0.00 MB)
  저장: model_meta.json  (0.00 MB)
  저장: tfidf_vectorizer.joblib  (1.33 MB)
  저장: xgb_urgency_model.joblib  (3.92 MB)

==============================================================================
STEP 7. 요약
==============================================================================
  Macro F1-Score : 0.8595
  보조 피처 사용  : True

  클래스별 precision / recall / f1:
    클래스       precision   recall       f1   support
    1점           0.938    0.958    0.947     1,723
    2점           0.912    0.894    0.903     2,583
    3점           0.918    0.874    0.896     2,459
    4점           0.646    0.759    0.698       704
    5점           0.846    0.860    0.853       601

  중요 피처 TOP 20 (XGBoost gain):
     1. 등록일                              0.01818
     2. 필요할 경우                           0.01716
     3. 기업정보                             0.01477
     4. ai 예상                            0.00946
     5. 마감일 근무지                          0.00913
     6. 잡코리아 이력서                         0.00804
     7. 이후라도                             0.00674
     8. 조기                               0.00671
     9. 유의사항                             0.00634
    10. 남은기간                             0.00616
    11. 문의                               0.00595
    12. 사례를 받지                           0.00474
    13. 24시 제출서류                         0.00458
    14. 허위사실이                            0.00433
    15. 없이                               0.00366
    16. 학력은                              0.00347
    17. 1일                               0.00342
    18. ㆍ접수기간 2026년                      0.00337
    19. 또는 기타                            0.00317
    20. 지원방법                             0.00307
