
==============================================================================
STEP 1. 데이터 로드 (v3 라벨 + v2 라벨 나란히)
==============================================================================
  전체 40,348행  /  measurable 30,569 (75.8%) / unmeasurable 9,779
  measurable source: {'saramin': 20635, 'jobkorea': 9933, 'wanted': 1}

  measurable 라벨 분포 (%) — 소스별로 같은 모양이어야 '같은 타깃'이다
    [v2]
      jobkorea  1: 12.8%  2: 24.5%  3: 17.5%  4: 24.4%  5: 20.8%   상위등급(4+5)  45.2%
      saramin   1: 35.6%  2: 50.8%  3: 11.7%  4:  1.6%  5:  0.4%   상위등급(4+5)   2.0%
    [v3]
      jobkorea  1: 24.2%  2: 50.1%  3: 20.3%  4:  3.8%  5:  1.6%   상위등급(4+5)   5.4%
      saramin   1: 35.6%  2: 50.8%  3: 11.7%  4:  1.6%  5:  0.4%   상위등급(4+5)   2.0%

  -> v2는 jobkorea와 saramin의 상위등급 비율이 몇 배씩 차이 난다.
     같은 개념을 쟀다면 나올 수 없는 격차이고, 이것이 전이 실패의 원인이다.

==============================================================================
STEP 2. 중복 공고 처리  [개선 3]
==============================================================================
  완전중복(정규화 후 전문 일치): 335행 관여 -> 172행 제거, 30,397행 잔존
  근사중복 그룹(앞 600자 기준): 29,626개 그룹, 2건 이상 묶인 행 1,449개 (4.77%)
  -> 같은 그룹은 train/test에 쪼개지 않는다 (StratifiedGroupKFold)

==============================================================================
STEP 2. Split (measurable 내부, group-aware)
==============================================================================
C:\Users\user\anaconda3\envs\itjob\lib\site-packages\sklearn\model_selection\_split.py:1035: UserWarning: The least populated class in y has only 1 members, which is less than n_splits=5.
  warnings.warn(
C:\Users\user\anaconda3\envs\itjob\lib\site-packages\sklearn\model_selection\_split.py:1035: UserWarning: The least populated class in y has only 1 members, which is less than n_splits=5.
  warnings.warn(
  train 19,503 / val 4,844 / test 6,050
  공유 그룹 0개 (정상)
  텍스트 조건 = masked+clean (평균 1771자 -> 900자)

==============================================================================
STEP 3. EXP-A  in-domain (v3 라벨) — 모델 선택은 validation으로
==============================================================================
  ⚠️ v2 스크립트는 여기서 test QWK로 모델을 골랐다(test contamination).
     v3은 validation으로 고르고, test는 마지막에 한 번만 본다.

    [A] TF-IDF 30,000f (6.9s) · linear_svc 1.8s
    [A] xgboost_es 11091.4s (early stop @ 301/400)

  [validation] 모델 선택
      linear_svc                   QWK  0.5898  MAE 0.3854  ±1 0.9544  MacroF1 0.5503  Acc 0.6635
      xgboost_es                   QWK  0.6178  MAE 0.3640  ±1 0.9587  MacroF1 0.5503  Acc 0.6790
      -> 채택: xgboost_es

==============================================================================
STEP 4. EXP-B  cross-source 전이 — v2 라벨 vs v3 라벨  ★핵심
==============================================================================
  한 소스로 배워 다른 소스를 맞힌다. source 교란이 제거된 진짜 일반화다.
  같은 행 · 같은 텍스트 · 같은 모델(LinearSVC)이고 라벨만 다르다.
  라벨 수정이 옳았다면 v3의 QWK가 v2보다 높아야 한다.

  [v2 라벨]
    [B/v2/jobkorea] TF-IDF 30,000f (7.9s) · linear_svc 1.8s
      -> jobkorea (9,933행)         QWK  0.0600  MAE 1.6524  ±1 0.5258  MacroF1 0.1351  Acc 0.1794
    [B/v2/saramin] TF-IDF 28,182f (2.2s) · linear_svc 0.7s
      -> saramin (20,463행)         QWK  0.0373  MAE 0.6648  ±1 0.9147  MacroF1 0.1690  Acc 0.4733

  [v3 라벨]
    [B/v3/jobkorea] TF-IDF 30,000f (7.8s) · linear_svc 1.8s
      -> jobkorea (9,933행)         QWK  0.2035  MAE 0.8808  ±1 0.8294  MacroF1 0.1874  Acc 0.3088
    [B/v3/saramin] TF-IDF 28,182f (2.2s) · linear_svc 0.8s
      -> saramin (20,463행)         QWK  0.0582  MAE 0.5473  ±1 0.9645  MacroF1 0.1782  Acc 0.4975

  === 전이 QWK 요약 ===
    평가 대상              v2 라벨     v3 라벨        변화
    jobkorea          0.0600    0.2035   +0.1435
    saramin           0.0373    0.0582   +0.0210
    평균                0.0486    0.1309   +0.0822

==============================================================================
STEP 5. EXP-C  어휘 폴백 대체 검증 (v3 라벨)
==============================================================================
  measurable hold-out을 '메타데이터 없는 상태'로 두고 같은 정답 위에서 비교한다.

    상수 baseline (항상 3점)          QWK  0.0000  MAE 1.1924  ±1 0.6671  MacroF1 0.0493  Acc 0.1405
    현행 어휘 폴백                     QWK  0.1071  MAE 2.0093  ±1 0.3474  MacroF1 0.0157  Acc 0.0220

==============================================================================
STEP 6. 예측 방식 확정 (validation) 후 test 1회 평가
==============================================================================
    validation / argmax          QWK  0.6178  MAE 0.3640  ±1 0.9587  MacroF1 0.5503  Acc 0.6790
    validation / 기댓값 반올림         QWK  0.6242  MAE 0.3507  ±1 0.9808  MacroF1 0.5201  Acc 0.6693
    -> 채택: expected_round

  [test] 최종 1회 평가
    xgboost_es / expected_round  QWK  0.6124  MAE 0.3474  ±1 0.9802  MacroF1 0.5328  Acc 0.6736

    모델 QWK 0.6124  vs  어휘 폴백 0.1071  vs  상수 0.0000

==============================================================================
STEP 7. 저장
==============================================================================
  저장: model_meta.json  (0.00 MB)
  저장: urgency_model.joblib  (3.52 MB)
  저장: urgency_tfidf.joblib  (1.31 MB)

  총 소요 662.8s
