
==============================================================================
STEP 1. 데이터 로드
==============================================================================
  로컬 파일 사용: C:\code\it-job-analytics-hub\data\master_merged_v2.json
  총 40,348행
  클래스 분포: {1: 8615, 2: 12915, 3: 12292, 4: 3519, 5: 3007} | 불균형비 4.29배

==============================================================================
STEP 2. 중복 공고 처리  [개선 3]
==============================================================================
  완전중복(정규화 후 전문 일치): 2,817행 관여 -> 1,518행 제거, 38,830행 잔존
  근사중복 그룹(앞 600자 기준): 37,872개 그룹, 2건 이상 묶인 행 1,730개 (4.46%)
  -> 같은 그룹은 train/test에 쪼개지 않는다 (StratifiedGroupKFold)

==============================================================================
STEP 3. Split (group-aware, source x label stratified)  [개선 3]
==============================================================================
  [!] 희소 계층 ['wanted__1'] (1건) -> 동일 source 최대 계층으로 흡수
  train 24,809 / val 6,271 / test 7,750
  train+val 과 test 사이 공유 그룹: 0개 (정상)
               train_%  val_%  test_%
urgency_score                        
1                22.28  21.70   21.51
2                32.96  33.47   33.39
3                28.18  28.62   29.28
4                 8.88   8.87    8.62
5                 7.71   7.34    7.20

==============================================================================
STEP 4-full. 학습  [variant = full]  [개선 1 · 2 · 8]
==============================================================================
  평균 길이: 1609자 -> 1609자
  TF-IDF: 30,000 features  (fit 26.5s)
  [dummy_major ] QWK  0.0000  MAE 0.8963  MacroF1 0.1001  Acc 0.3339  (cpu       0.0s / wall      0.0s)
  [dummy_prior ] QWK -0.0202  MAE 1.2594  MacroF1 0.1977  Acc 0.2508  (cpu       0.0s / wall      0.0s)
  [source_only ] QWK  0.4000  MAE 0.7679  MacroF1 0.2693  Acc 0.4166  (cpu       0.0s / wall      0.0s)
  [linear_svc  ] QWK  0.8099  MAE 0.2903  MacroF1 0.7475  Acc 0.7985  (cpu       5.0s / wall      5.1s)
  [logreg      ] QWK  0.7684  MAE 0.3657  MacroF1 0.7063  Acc 0.7539  (cpu      13.0s / wall     13.4s)
  [xgboost_es  ] QWK  0.9035  MAE 0.1631  MacroF1 0.8459  Acc 0.8795  (cpu    8361.2s / wall   1926.9s)

==============================================================================
STEP 4-masked. 학습  [variant = masked]  [개선 1 · 2 · 8]
==============================================================================
  평균 길이: 1609자 -> 1532자
  TF-IDF: 30,000 features  (fit 25.8s)
  [dummy_major ] QWK  0.0000  MAE 0.8963  MacroF1 0.1001  Acc 0.3339  (cpu       0.0s / wall      0.0s)
  [dummy_prior ] QWK -0.0202  MAE 1.2594  MacroF1 0.1977  Acc 0.2508  (cpu       0.0s / wall      0.0s)
  [source_only ] QWK  0.4000  MAE 0.7679  MacroF1 0.2693  Acc 0.4166  (cpu       0.0s / wall      0.0s)
  [linear_svc  ] QWK  0.7505  MAE 0.4130  MacroF1 0.6530  Acc 0.6964  (cpu       4.9s / wall      5.0s)
  [logreg      ] QWK  0.7162  MAE 0.4765  MacroF1 0.6288  Acc 0.6645  (cpu      11.6s / wall     12.1s)
  [xgboost_es  ] QWK  0.8132  MAE 0.3274  MacroF1 0.7158  Acc 0.7480  (cpu   11533.9s / wall   3018.5s)

==============================================================================
STEP 4-clean. 학습  [variant = clean]  [개선 1 · 2 · 8]
==============================================================================
  평균 길이: 1609자 -> 982자
  TF-IDF: 30,000 features  (fit 18.5s)
  [dummy_major ] QWK  0.0000  MAE 0.8963  MacroF1 0.1001  Acc 0.3339  (cpu       0.0s / wall      0.0s)
  [dummy_prior ] QWK -0.0202  MAE 1.2594  MacroF1 0.1977  Acc 0.2508  (cpu       0.0s / wall      0.0s)
  [source_only ] QWK  0.4000  MAE 0.7679  MacroF1 0.2693  Acc 0.4166  (cpu       0.0s / wall      0.0s)
  [linear_svc  ] QWK  0.8317  MAE 0.2680  MacroF1 0.7613  Acc 0.8072  (cpu       3.0s / wall      3.2s)
  [logreg      ] QWK  0.7995  MAE 0.3290  MacroF1 0.7323  Acc 0.7711  (cpu       9.0s / wall      9.1s)
  [xgboost_es  ] QWK  0.8942  MAE 0.1719  MacroF1 0.8426  Acc 0.8770  (cpu   16490.0s / wall   1168.6s)

==============================================================================
STEP 4-masked+clean. 학습  [variant = masked+clean]  [개선 1 · 2 · 8]
==============================================================================
  평균 길이: 1609자 -> 922자
  TF-IDF: 30,000 features  (fit 10.4s)
  [dummy_major ] QWK  0.0000  MAE 0.8963  MacroF1 0.1001  Acc 0.3339  (cpu       0.0s / wall      0.0s)
  [dummy_prior ] QWK -0.0202  MAE 1.2594  MacroF1 0.1977  Acc 0.2508  (cpu       0.0s / wall      0.0s)
  [source_only ] QWK  0.4000  MAE 0.7679  MacroF1 0.2693  Acc 0.4166  (cpu       0.0s / wall      0.0s)
  [linear_svc  ] QWK  0.7395  MAE 0.4422  MacroF1 0.6122  Acc 0.6645  (cpu       2.0s / wall      2.1s)
  [logreg      ] QWK  0.7033  MAE 0.5089  MacroF1 0.5847  Acc 0.6307  (cpu       5.1s / wall      4.8s)
  [xgboost_es  ] QWK  0.7839  MAE 0.3745  MacroF1 0.6620  Acc 0.7046  (cpu   13919.0s / wall   1274.1s)

==============================================================================
STEP 5. 결과 종합  [개선 5: QWK/MAE 주 지표]
==============================================================================
                qwk                                  mae                              macro_f1                               cpu_sec                              
variant       clean    full  masked masked+clean   clean    full  masked masked+clean    clean    full  masked masked+clean    clean    full   masked masked+clean
model                                                                                                                                                             
dummy_major  0.0000  0.0000  0.0000       0.0000  0.8963  0.8963  0.8963       0.8963   0.1001  0.1001  0.1001       0.1001      0.0     0.0      0.0          0.0
dummy_prior -0.0202 -0.0202 -0.0202      -0.0202  1.2594  1.2594  1.2594       1.2594   0.1977  0.1977  0.1977       0.1977      0.0     0.0      0.0          0.0
source_only  0.4000  0.4000  0.4000       0.4000  0.7679  0.7679  0.7679       0.7679   0.2693  0.2693  0.2693       0.2693      0.0     0.0      0.0          0.0
linear_svc   0.8317  0.8099  0.7505       0.7395  0.2680  0.2903  0.4130       0.4422   0.7613  0.7475  0.6530       0.6122      3.0     5.0      4.9          2.0
logreg       0.7995  0.7684  0.7162       0.7033  0.3290  0.3657  0.4765       0.5089   0.7323  0.7063  0.6288       0.5847      9.0    13.0     11.6          5.1
xgboost_es   0.8942  0.9035  0.8132       0.7839  0.1719  0.1631  0.3274       0.3745   0.8426  0.8459  0.7158       0.6620  16490.0  8361.2  11533.9      13919.0

  QWK  : 1.0 완벽, 0.0 무작위. 순서형 라벨의 주 지표.
  MAE  : 평균 몇 점 빗나가는가 (낮을수록 좋음).
  cpu_sec: 선형 baseline과 XGBoost의 비용 차이. (벽시계는 meta의 fit_sec)

==============================================================================
  통제 조건별 QWK 변화 (기준 = full)  [개선 1 · 2]
==============================================================================
    model             full         masked          clean   masked+clean
    dummy_major     0.0000  0.0000+0.0000  0.0000+0.0000  0.0000+0.0000
    dummy_prior    -0.0202 -0.0202+0.0000 -0.0202+0.0000 -0.0202+0.0000
    source_only     0.4000  0.4000+0.0000  0.4000+0.0000  0.4000+0.0000
    linear_svc      0.8099  0.7505-0.0594  0.8317+0.0218  0.7395-0.0704
    logreg          0.7684  0.7162-0.0522  0.7995+0.0311  0.7033-0.0651
    xgboost_es      0.9035  0.8132-0.0903  0.8942-0.0093  0.7839-0.1196

    masked      = 라벨 산출 구간(남은기간/접수기간/모집인원/긴급 어휘) 제거
    clean       = 사이트 템플릿 제거 (jobkorea 꼬리 추천공고, saramin 정형 고지문)
    masked+clean= 완전 통제. 이 조건이 '본문을 읽고 일반화한' 성능에 가장 가깝다.

==============================================================================
STEP 6. 최종 모델 상세  [xgboost_es / masked+clean]
==============================================================================
  클래스별 리포트:
              precision    recall  f1-score   support

          1점      0.649     0.605     0.627      1667
          2점      0.701     0.756     0.728      2588
          3점      0.888     0.765     0.822      2269
          4점      0.515     0.639     0.570       668
          5점      0.535     0.595     0.563       558

    accuracy                          0.705      7750
   macro avg      0.658     0.672     0.662      7750
weighted avg      0.717     0.705     0.708      7750

  Confusion Matrix (행=실제, 열=예측):
           pred1   pred2   pred3   pred4   pred5
  true1    1,009     577      61       6      14
  true2      451   1,957      71      64      45
  true3       86     178   1,736     164     105
  true4        4      49      63     427     125
  true5        4      30      24     168     332

  source별 성능 (라벨 생성 규칙이 source마다 달라 분리해서 봐야 함):
    source           n      QWK     MAE   MacroF1
    jobkorea     2,033   0.7310  0.5794    0.5929
    saramin      4,992   0.7285  0.3377    0.7066
    wanted         725   0.7087  0.0524    0.7754

==============================================================================
STEP 7. v1 대비
==============================================================================
  v1 (중복 미제거 · 랜덤 split · full text)  Macro F1 : 0.8595
  v2 (중복 그룹 분리 · full text)           Macro F1 : 0.8459  (-0.0136)
  v2 (중복 그룹 분리 · masked)              Macro F1 : 0.7158  (-0.1437)

  차이는 모델이 아니라 평가 설계에서 온다. 중복 공고가 train/test에
  갈리지 않게 하고, 라벨 산출 구간을 가린 결과다.

==============================================================================
STEP 8. 저장
==============================================================================
  저장: baseline_meta.json  (0.01 MB)
  저장: baseline_model.joblib  (3.98 MB)
  저장: baseline_tfidf.joblib  (1.31 MB)

  총 소요 7581.2s
