
==============================================================================
STEP 1. 데이터 로드 & measurable 분할  [개선 6]
==============================================================================
  전체 40,348행
  measurable   30,569행 (75.8%)  <- 학습 (검증된 라벨)
    source: {'saramin': 20635, 'jobkorea': 9933, 'wanted': 1}
  unmeasurable 9,779행 (24.2%)  <- 적용 (미검증 폴백 라벨)
    source: {'saramin': 5315, 'wanted': 4372, 'jobkorea': 92}

  라벨 분포 비교 (%):
               measurable  unmeasurable
urgency_score                          
1                    28.2           0.0
2                    42.2           0.0
3                    13.6          83.3
4                     9.0           7.8
5                     7.0           9.0
  -> unmeasurable은 3점에 몰려 있다. 폴백이 3점에서 가산만 하기 때문이다.

==============================================================================
STEP 2. 중복 공고 처리  [개선 3]
==============================================================================
  완전중복(정규화 후 전문 일치): 335행 관여 -> 172행 제거, 30,397행 잔존
  근사중복 그룹(앞 600자 기준): 29,626개 그룹, 2건 이상 묶인 행 1,449개 (4.77%)
  -> 같은 그룹은 train/test에 쪼개지 않는다 (StratifiedGroupKFold)

==============================================================================
STEP 2. Split (measurable 내부, group-aware)
==============================================================================
C:\Users\user\anaconda3\envs\itjob\lib\site-packages\sklearn\model_selection\_split.py:1035: UserWarning: The least populated class in y has only 1 members, which is less than n_splits=5.
  warnings.warn(
C:\Users\user\anaconda3\envs\itjob\lib\site-packages\sklearn\model_selection\_split.py:1035: UserWarning: The least populated class in y has only 1 members, which is less than n_splits=5.
  warnings.warn(
  train 19,428 / val 4,863 / test 6,106
  공유 그룹 0개 (정상)
  텍스트 조건 = masked+clean (평균 1766자 -> 896자)

==============================================================================
STEP 3. EXP-A  in-domain (measurable 학습 -> measurable hold-out)
==============================================================================
    TF-IDF 30,000 features (fit 12.9s)
    [A/linear_svc] 학습 2.5s
    [A/xgboost_es] 학습 7544.6s (early stop @ 256/400)

    linear_svc             QWK  0.7501  MAE 0.4849  MacroF1 0.5531  Acc 0.6066 
    xgboost_es             QWK  0.7775  MAE 0.4407  MacroF1 0.5862  Acc 0.6336 
    -> 채택: xgboost_es

==============================================================================
STEP 4. EXP-B  cross-source 전이 (LOSO, 선형만 — 비용 대비 스크리닝)
==============================================================================
    source 교란을 제거한 진짜 일반화. 한 소스로 배워 다른 소스를 맞힌다.

    TF-IDF 30,000 features (fit 9.5s)
    [B/jobkorea/linear_svc] 학습 2.0s
    -> jobkorea (9,933)    QWK  0.0603  MAE 1.6503  MacroF1 0.1350  Acc 0.1794 
    TF-IDF 28,182 features (fit 6.0s)
    [B/saramin/linear_svc] 학습 0.8s
    -> saramin (20,463)    QWK  0.0372  MAE 0.6662  MacroF1 0.1671  Acc 0.4726 

==============================================================================
STEP 5. EXP-C  어휘 폴백 대체 검증  ★핵심
==============================================================================
    measurable hold-out을 '메타데이터 없는 상태'로 두고 두 방법을 비교한다.
    정답 = 규칙 라벨(메타데이터를 읽고 만든 것). 같은 정답 위에서 비교.

    ⚠️ 이 비교는 폴백에 불리한 쪽으로 편향돼 있다. 폴백은 3점에서 시작하도록
       설계됐는데 measurable 라벨은 1·2점이 70%다. 그 몫을 분리하려고
       '항상 3점' 상수 baseline을 같이 놓는다. 폴백이 상수와 비슷하다면
       폴백의 어휘 가산이 실질적으로 아무 일도 안 한다는 뜻이다.

    상수 baseline (항상 3점)    QWK  0.0000  MAE 1.2199  MacroF1 0.0472  Acc 0.1338 
    현행 어휘 폴백               QWK  0.2704  MAE 1.6610  MacroF1 0.0646  Acc 0.0845 
    모델 (xgboost_es)        QWK  0.7775  MAE 0.4407  MacroF1 0.5862  Acc 0.6336 

    차이: QWK +0.5071 / MAE -1.2203
    QWK가 오르고 MAE가 내려가면 모델이 폴백보다 낫다는 직접 증거다.

==============================================================================
STEP 6. EXP-D  unmeasurable 적용 (현행 라벨 교체 후보)
==============================================================================
  라벨 분포 비교 (%):
   현행(폴백)  모델 예측
1     0.0   79.8
2     0.0    4.7
3    83.3   15.2
4     7.8    0.2
5     9.0    0.1

  현행 폴백과의 일치율 10.6%  (QWK 0.0524)
  ※ 정답이 없으므로 이건 '얼마나 다른가'이지 '누가 맞는가'가 아니다.
     누가 맞는가의 근거는 EXP-C에, 그 근거를 믿어도 되는지는 EXP-B에 있다.

  ⚠️ 라벨 분포 이동(label shift)에 주의할 것. 모델은 measurable 분포
     (1·2점 70%)를 학습했으므로 그것을 unmeasurable에 그대로 투사한다.
     예측이 저점에 쏠리는 것은 학습 분포의 반영이지 unmeasurable 공고가
     실제로 덜 급하다는 증거가 아니다. EXP-B 전이 성능이 낮다면
     이 적용은 신뢰할 수 없다.

==============================================================================
STEP 7. 저장
==============================================================================
  저장: transfer_meta.json  (0.00 MB)
  저장: transfer_model.joblib  (3.42 MB)
  저장: transfer_tfidf.joblib  (1.31 MB)
  저장: unmeasurable_predictions.json  (0.96 MB)

  총 소요 837.9s
