
==============================================================================
STEP 1. 데이터 로드
==============================================================================
  로컬 파일 사용: C:\code\it-job-analytics-hub\data\master_merged_v2.json
  총 40,348행
  클래스 분포: {1: 8615, 2: 12915, 3: 12292, 4: 3519, 5: 3007} | 불균형비 4.29배

==============================================================================
STEP 2. 중복 공고 처리  [개선 3]
==============================================================================
  완전중복(정규화 후 전문 일치): 2,817행 관여 -> 1,518행 제거, 38,830행 잔존
  근사중복 그룹(앞 600자 기준): 37,872개 그룹, 2건 이상 묶인 행 1,730개 (4.46%)
  -> 같은 그룹은 train/test에 쪼개지 않는다 (StratifiedGroupKFold)

==============================================================================
STEP 3. Split (group-aware, source x label stratified)  [개선 3]
==============================================================================
  [!] 희소 계층 ['wanted__1'] (1건) -> 동일 source 최대 계층으로 흡수
  train 24,809 / val 6,271 / test 7,750
  train+val 과 test 사이 공유 그룹: 0개 (정상)
               train_%  val_%  test_%
urgency_score                        
1                22.28  21.70   21.51
2                32.96  33.47   33.39
3                28.18  28.62   29.28
4                 8.88   8.87    8.62
5                 7.71   7.34    7.20

==============================================================================
STEP 4-full. 학습  [variant = full]  [개선 1 · 8]
==============================================================================
  TF-IDF: 30,000 features  (fit 15.4s)
  [dummy_major ] QWK  0.0000  MAE 0.8963  MacroF1 0.1001  Acc 0.3339  (    0.0s)
  [dummy_prior ] QWK -0.0202  MAE 1.2594  MacroF1 0.1977  Acc 0.2508  (    0.0s)
  [source_only ] QWK  0.4000  MAE 0.7679  MacroF1 0.2693  Acc 0.4166  (    0.0s)
  [linear_svc  ] QWK  0.8099  MAE 0.2903  MacroF1 0.7475  Acc 0.7985  (    2.9s)
  [logreg      ] QWK  0.7684  MAE 0.3657  MacroF1 0.7063  Acc 0.7539  (    6.3s)
  [xgboost_es  ] QWK  0.9035  MAE 0.1631  MacroF1 0.8459  Acc 0.8795  (40503.9s)

==============================================================================
STEP 4-masked. 학습  [variant = masked]  [개선 1 · 8]
==============================================================================
  TF-IDF: 30,000 features  (fit 33.7s)
  [dummy_major ] QWK  0.0000  MAE 0.8963  MacroF1 0.1001  Acc 0.3339  (    0.0s)
  [dummy_prior ] QWK -0.0202  MAE 1.2594  MacroF1 0.1977  Acc 0.2508  (    0.0s)
  [source_only ] QWK  0.4000  MAE 0.7679  MacroF1 0.2693  Acc 0.4166  (    0.0s)
  [linear_svc  ] QWK  0.7505  MAE 0.4130  MacroF1 0.6530  Acc 0.6964  (    6.2s)
  [logreg      ] QWK  0.7162  MAE 0.4765  MacroF1 0.6288  Acc 0.6645  (   13.4s)
  [xgboost_es  ] QWK  0.8132  MAE 0.3274  MacroF1 0.7158  Acc 0.7480  ( 2300.0s)

==============================================================================
STEP 5. 결과 종합  [개선 5: QWK/MAE 주 지표]
==============================================================================
                qwk             mae         macro_f1          fit_sec        
variant        full  masked    full  masked     full  masked     full  masked
model                                                                        
dummy_major  0.0000  0.0000  0.8963  0.8963   0.1001  0.1001      0.0     0.0
dummy_prior -0.0202 -0.0202  1.2594  1.2594   0.1977  0.1977      0.0     0.0
source_only  0.4000  0.4000  0.7679  0.7679   0.2693  0.2693      0.0     0.0
linear_svc   0.8099  0.7505  0.2903  0.4130   0.7475  0.6530      2.9     6.2
logreg       0.7684  0.7162  0.3657  0.4765   0.7063  0.6288      6.3    13.4
xgboost_es   0.9035  0.8132  0.1631  0.3274   0.8459  0.7158  40503.9  2300.0

  QWK  : 1.0 완벽, 0.0 무작위. 순서형 라벨의 주 지표.
  MAE  : 평균 몇 점 빗나가는가 (낮을수록 좋음).
  fit_sec: 선형 baseline과 XGBoost의 비용 차이를 함께 볼 것.

==============================================================================
  라벨 누출 규모  [개선 1]
==============================================================================
    model          QWK full  QWK mask    delta       누출비중
    dummy_major      0.0000    0.0000  +0.0000       nan%
    dummy_prior     -0.0202   -0.0202  +0.0000       nan%
    source_only      0.4000    0.4000  +0.0000       0.0%
    linear_svc       0.8099    0.7505  -0.0594       7.3%
    logreg           0.7684    0.7162  -0.0522       6.8%
    xgboost_es       0.9035    0.8132  -0.0903      10.0%

    masked = 라벨 산출 구간(남은기간/접수기간/모집인원/긴급 어휘)을 가린 조건.
    이쪽이 '본문을 읽고 일반화한' 실제 성능에 가깝다.

==============================================================================
STEP 6. 최종 모델 상세  [xgboost_es / masked]
==============================================================================
  클래스별 리포트:
              precision    recall  f1-score   support

          1점      0.746     0.680     0.712      1667
          2점      0.755     0.787     0.771      2588
          3점      0.894     0.770     0.827      2269
          4점      0.497     0.666     0.569       668
          5점      0.637     0.778     0.701       558

    accuracy                          0.748      7750
   macro avg      0.706     0.736     0.716      7750
weighted avg      0.763     0.748     0.752      7750

  Confusion Matrix (행=실제, 열=예측):
           pred1   pred2   pred3   pred4   pred5
  true1    1,134     482      29      13       9
  true2      293   2,038      69     160      28
  true3       85     139   1,746     194     105
  true4        3      32      83     445     105
  true5        5       8      27      84     434

  source별 성능 (라벨 생성 규칙이 source마다 달라 분리해서 봐야 함):
    source           n      QWK     MAE   MacroF1
    jobkorea     2,033   0.7496  0.5603    0.6147
    saramin      4,992   0.7722  0.2728    0.7414
    wanted         725   0.7163  0.0497    0.7783

==============================================================================
STEP 7. v1 대비
==============================================================================
  v1 (중복 미제거 · 랜덤 split · full text)  Macro F1 : 0.8595
  v2 (중복 그룹 분리 · full text)           Macro F1 : 0.8459  (-0.0136)
  v2 (중복 그룹 분리 · masked)              Macro F1 : 0.7158  (-0.1437)

  차이는 모델이 아니라 평가 설계에서 온다. 중복 공고가 train/test에
  갈리지 않게 하고, 라벨 산출 구간을 가린 결과다.

==============================================================================
STEP 8. 저장
==============================================================================
  저장: baseline_meta.json  (0.01 MB)
  저장: baseline_model.joblib  (4.59 MB)
  저장: baseline_tfidf.joblib  (1.34 MB)

  총 소요 42906.2s
