C:\Users\user\anaconda3\envs\itjob\lib\site-packages\sklearn\model_selection\_split.py:1035: UserWarning: The least populated class in y has only 1 members, which is less than n_splits=5.
  warnings.warn(
C:\Users\user\anaconda3\envs\itjob\lib\site-packages\sklearn\model_selection\_split.py:1035: UserWarning: The least populated class in y has only 1 members, which is less than n_splits=5.
  warnings.warn(

==============================================================================
STEP 1. 데이터 로드 (v4 라벨 + v3 라벨 나란히)
==============================================================================
  v3 라벨 정렬 확인 (위치 기준 40,348행 일치)
  전체 40,348행  /  measurable 30,569 (75.8%) / unmeasurable 9,779
  measurable source: {'saramin': 20635, 'jobkorea': 9933, 'wanted': 1}

  measurable 라벨 분포 (%) — 소스별로 같은 모양이어야 '같은 타깃'이다
    [v3]
      jobkorea  1: 24.2%  2: 50.1%  3: 20.3%  4:  3.8%  5:  1.6%   상위등급(4+5)   5.4%
      saramin   1: 35.6%  2: 50.8%  3: 11.7%  4:  1.6%  5:  0.4%   상위등급(4+5)   2.0%
    [v4]
      jobkorea  1: 24.2%  2: 55.4%  3: 15.6%  4:  4.2%  5:  0.6%   상위등급(4+5)   4.8%
      saramin   1: 35.6%  2: 55.7%  3:  7.8%  4:  0.9%  5:  0.0%   상위등급(4+5)   0.9%

  -> v2는 jobkorea와 saramin의 상위등급 비율이 몇 배씩 차이 난다.
     같은 개념을 쟀다면 나올 수 없는 격차이고, 이것이 전이 실패의 원인이다.
     (v4에서는 이 격차가 다시 벌어진다 — 이중 계상이 양쪽을 함께
      부풀리고 있었기 때문이다. 02 README '정합성 지표는 나빠진다' 참조)

==============================================================================
STEP 2. 중복 공고 처리  [개선 3]
==============================================================================
  완전중복(정규화 후 전문 일치): 335행 관여 -> 172행 제거, 30,397행 잔존
  근사중복 그룹(앞 600자 기준): 29,626개 그룹, 2건 이상 묶인 행 1,449개 (4.77%)
  -> 같은 그룹은 train/test에 쪼개지 않는다 (StratifiedGroupKFold)

==============================================================================
STEP 2. Split (measurable 내부, group-aware)
==============================================================================
  train 19,475 / val 4,866 / test 6,056
  공유 그룹 0개 (정상)
  텍스트 조건 = masked+clean (평균 1755자 -> 891자)

==============================================================================
STEP 3. EXP-A  in-domain (v4 라벨) — 모델 선택은 validation으로
==============================================================================
  ⚠️ v2 스크립트는 여기서 test QWK로 모델을 골랐다(test contamination).
     v3은 validation으로 고르고, test는 마지막에 한 번만 본다.

    [A] TF-IDF 30,000f (7.0s) · linear_svc 1.9s
    [A] xgboost_es 11172.8s (early stop @ 341/400)

  [validation] 모델 선택
      linear_svc                   QWK  0.5773  MAE 0.3444  ±1 0.9758  MacroF1 0.4946  Acc 0.6819
      xgboost_es                   QWK  0.5908  MAE 0.3229  ±1 0.9838  MacroF1 0.5010  Acc 0.6950
      -> 채택: xgboost_es

==============================================================================
STEP 4. EXP-B  cross-source 전이 — v3 라벨 vs v4 라벨  ★핵심
==============================================================================
  한 소스로 배워 다른 소스를 맞힌다. source 교란이 제거된 진짜 일반화다.
  같은 행 · 같은 텍스트 · 같은 모델(LinearSVC)이고 라벨만 다르다.
  라벨 수정이 옳았다면 v4의 QWK가 v3보다 높아야 한다.

  [v3 라벨]
    [B/v3/jobkorea] TF-IDF 30,000f (8.4s) · linear_svc 1.8s
      -> jobkorea (9,933행)         QWK  0.2035  MAE 0.8808  ±1 0.8294  MacroF1 0.1874  Acc 0.3088
    [B/v3/saramin] TF-IDF 28,182f (2.5s) · linear_svc 0.8s
      -> saramin (20,463행)         QWK  0.0582  MAE 0.5473  ±1 0.9645  MacroF1 0.1782  Acc 0.4975

  [v4 라벨]
    [B/v4/jobkorea] TF-IDF 30,000f (8.8s) · linear_svc 1.9s
      -> jobkorea (9,933행)         QWK  0.2560  MAE 0.7704  ±1 0.8896  MacroF1 0.2136  Acc 0.3534
    [B/v4/saramin] TF-IDF 28,182f (2.6s) · linear_svc 0.8s
      -> saramin (20,463행)         QWK  0.0752  MAE 0.4895  ±1 0.9779  MacroF1 0.1884  Acc 0.5372

  === 전이 QWK 요약 ===
    평가 대상              v3 라벨     v4 라벨        변화
    jobkorea          0.2035    0.2560   +0.0525
    saramin           0.0582    0.0752   +0.0169
    평균                0.1309    0.1656   +0.0347

==============================================================================
STEP 5. EXP-C  어휘 폴백 검증 (v4 라벨)
==============================================================================
  measurable hold-out을 '메타데이터 없는 상태'로 두고 같은 정답 위에서 비교한다.
  상수 베이스라인 = train 라벨 중앙값 (2점)

    상수 baseline (2점)             QWK  0.0000  MAE 0.4747  ±1 0.9766  MacroF1 0.1422  Acc 0.5515
    어휘 폴백 (v4)                   QWK  0.2674  MAE 0.6932  ±1 0.9095  MacroF1 0.2229  Acc 0.3996

==============================================================================
STEP 6. 예측 방식 확정 (validation) 후 test 1회 평가
==============================================================================
    validation / argmax          QWK  0.5908  MAE 0.3229  ±1 0.9838  MacroF1 0.5010  Acc 0.6950
    validation / 기댓값 반올림         QWK  0.5945  MAE 0.3087  ±1 0.9885  MacroF1 0.4916  Acc 0.7037
    -> 채택: expected_round

  [test] 최종 1회 평가
    xgboost_es / expected_round  QWK  0.6098  MAE 0.3131  ±1 0.9889  MacroF1 0.5136  Acc 0.6990

    모델 QWK 0.6098  vs  어휘 폴백 0.2674  vs  상수 0.0000
    모델 MAE 0.3131  vs  상수 0.4747

==============================================================================
STEP 7. 저장
==============================================================================
  저장: model_meta.json  (0.00 MB)
  저장: urgency_model.joblib  (3.73 MB)
  저장: urgency_tfidf.joblib  (1.31 MB)

  총 소요 690.6s
