진단 표본: 12,000행 (n_estimators=150)

  [full    ] Macro F1 = 0.8118  (features 30,000, 221s)
  [masked  ] Macro F1 = 0.6817  (features 30,000, 210s)

======================================================================
  라벨 산출 구간 제거 시 Macro F1: 0.8118 -> 0.6817 (-0.1301, -16.0%)
  => 성능의 16%가 라벨 생성 구간 의존. 상당한 누출.
======================================================================

  masked 모델의 상위 피처 15 (누출 제거 후 실제로 쓰인 단서):
     1. 보세요 더보기                        0.01210
     2. 근무지주소                          0.01144
     3. 이후라도                           0.01107
     4. 공고를 확인해                        0.01037
     5. 또는 변경될                         0.00900
     6. 구직활동                           0.00881
     7. 이후라도 채용이                       0.00825
     8. 없으며                            0.00681
     9. 하고 mask                        0.00668
    10. 최종합격 유의사항                      0.00578
    11. 있습니다 지원자                       0.00515
    12. 마감일 2026년                      0.00485
    13. 주4                             0.00482
    14. mask 또는                        0.00452
    15. 보세요                            0.00408
